Rubber ducky
Soap
Toothbrush
toothpaste
Alarm clock
Doll
Lamp
Pillow
Ball
Tea set
Toy blocks
Toy car
Toy horse
Toy truck
Backpack
Book
Doll
Ball
Toy blocks
Toy horse
Stethoscope
Thermometer
Apple
Bananas
Broccolis
Cake
Candies
Carrots
Glass of water
Spaghetti
Bread
Beach ball
Doll
Ball
Tea set
Toy car
Toy horse
Toy truck
Tricycle
Cake
Candies
Beach ball
Doll
Ball
Tea set
Toy blocks
Toy car
Toy horse
Toy truck
Doll
Ball
Swing set
Tea set
Toy blocks
Toy car
Toy horse
Toy truck
Tricycle
Lunch box
Dancing shoes
rubber ducky
soap
toothbrush
toothpaste
alarm clock
doll
lamp
pillow
ball
tea set
toy blocks
toy car
toy horse
toy truck
backpack
book
doll
ball
toy blocks
toy horse
stethoscope
thermometer
apple
bananas
broccolis
cake
candies
carrots
glass of water
spaghetti
bread
beach ball
doll
ball
tea set
toy car
toy horse
toy truck
tricycle
cake
candies
beach ball
doll
ball
tea set
toy blocks
toy car
toy horse
toy truck
doll
ball
swing set
tea set
toy blocks
toy car
toy horse
toy truck
tricycle
lunch box
dancing shoes